// Jest Snapshot v1, https://goo.gl/fbAQLP

exports[`should match the snapshot of Home 1`] = `
<div
  className="main-home-container"
>
  <section
    className="main-headline-section"
  >
    <div
      className="bg"
    />
    <div
      className="main-headline-container flex-center"
    >
      <div
        className="main-wrapper"
      >
        <h2>
          The Best
          <span>
            Calculator
          </span>
          Out There
        </h2>
        <p>
          Lorem ipsum dolor sit amet, consectetur adipiscing elit. Donec malesuada lorem maximus mauris scelerisque, at rutrum nulla dictum. Ut ac ligula sapien. Suspendisse cursus faucibus finibus.
        </p>
        <a
          href="#2"
        >
          Read More
        </a>
      </div>
    </div>
  </section>
</div>
`;
